Herramienta de compilación de Microsoft (R) ASP.NET versión 4.8.9221.0
Utilidad para precompilar una aplicación ASP.NET
(C) Microsoft Corporation. Todos los derechos reservados.

c:\Users\danir\.gemini\antigravity\scratch\ConviApp-Academic\2_Visual\App_Code\CAD\CADMensaje.cs(60): error CS0012: El tipo 'System.Data.Common.DbDataReader' está definido en un ensamblado al que no se hace referencia. Debe agregar una referencia al ensamblado 'netstandard, Version=2.1.0.0, Culture=neutral, PublicKeyToken=cc7b13ffcd2ddd51'.
c:\Users\danir\.gemini\antigravity\scratch\ConviApp-Academic\2_Visual\App_Code\EN\ENMensaje.cs(35): error CS0453: El tipo 'ConviAppWeb.Models.ENUsuario' debe ser un tipo de valor distinto de null para poder utilizarlo como parámetro 'T' en el tipo o método genérico 'System.Nullable<T>'
c:\Users\danir\.gemini\antigravity\scratch\ConviApp-Academic\2_Visual\App_Code\EN\ENMensaje.cs(38): error CS0453: El tipo 'ConviAppWeb.Models.ENUsuario' debe ser un tipo de valor distinto de null para poder utilizarlo como parámetro 'T' en el tipo o método genérico 'System.Nullable<T>'
c:\Users\danir\.gemini\antigravity\scratch\ConviApp-Academic\2_Visual\App_Code\EN\ENMensaje.cs(41): error CS0453: El tipo 'ConviAppWeb.Models.ENPiso' debe ser un tipo de valor distinto de null para poder utilizarlo como parámetro 'T' en el tipo o método genérico 'System.Nullable<T>'
c:\Users\danir\.gemini\antigravity\scratch\ConviApp-Academic\2_Visual\App_Code\EN\ENTarea.cs(47): error CS0453: El tipo 'ConviAppWeb.Models.ENUsuario' debe ser un tipo de valor distinto de null para poder utilizarlo como parámetro 'T' en el tipo o método genérico 'System.Nullable<T>'
c:\Users\danir\.gemini\antigravity\scratch\ConviApp-Academic\2_Visual\App_Code\EN\ENTarea.cs(50): error CS0453: El tipo 'ConviAppWeb.Models.ENUsuario' debe ser un tipo de valor distinto de null para poder utilizarlo como parámetro 'T' en el tipo o método genérico 'System.Nullable<T>'
c:\Users\danir\.gemini\antigravity\scratch\ConviApp-Academic\2_Visual\App_Code\EN\ENTarea.cs(53): error CS0453: El tipo 'ConviAppWeb.Models.ENPiso' debe ser un tipo de valor distinto de null para poder utilizarlo como parámetro 'T' en el tipo o método genérico 'System.Nullable<T>'
c:\Users\danir\.gemini\antigravity\scratch\ConviApp-Academic\2_Visual\App_Code\EN\ENPago.cs(72): error CS0453: El tipo 'ConviAppWeb.Models.ENContrato' debe ser un tipo de valor distinto de null para poder utilizarlo como parámetro 'T' en el tipo o método genérico 'System.Nullable<T>'
c:\Users\danir\.gemini\antigravity\scratch\ConviApp-Academic\2_Visual\App_Code\EN\ENIncidencia.cs(47): error CS0453: El tipo 'ConviAppWeb.Models.ENUsuario' debe ser un tipo de valor distinto de null para poder utilizarlo como parámetro 'T' en el tipo o método genérico 'System.Nullable<T>'
c:\Users\danir\.gemini\antigravity\scratch\ConviApp-Academic\2_Visual\App_Code\EN\ENIncidencia.cs(50): error CS0453: El tipo 'ConviAppWeb.Models.ENPiso' debe ser un tipo de valor distinto de null para poder utilizarlo como parámetro 'T' en el tipo o método genérico 'System.Nullable<T>'
c:\Users\danir\.gemini\antigravity\scratch\ConviApp-Academic\2_Visual\App_Code\EN\ENIncidencia.cs(53): error CS0453: El tipo 'ConviAppWeb.Models.ENHabitacion' debe ser un tipo de valor distinto de null para poder utilizarlo como parámetro 'T' en el tipo o método genérico 'System.Nullable<T>'
c:\Users\danir\.gemini\antigravity\scratch\ConviApp-Academic\2_Visual\App_Code\EN\ENDocumento.cs(76): error CS0453: El tipo 'ConviAppWeb.Models.ENContrato' debe ser un tipo de valor distinto de null para poder utilizarlo como parámetro 'T' en el tipo o método genérico 'System.Nullable<T>'
c:\Users\danir\.gemini\antigravity\scratch\ConviApp-Academic\2_Visual\App_Code\EN\ENGasto.cs(46): error CS0453: El tipo 'ConviAppWeb.Models.ENUsuario' debe ser un tipo de valor distinto de null para poder utilizarlo como parámetro 'T' en el tipo o método genérico 'System.Nullable<T>'
c:\Users\danir\.gemini\antigravity\scratch\ConviApp-Academic\2_Visual\App_Code\EN\ENGasto.cs(49): error CS0453: El tipo 'ConviAppWeb.Models.ENPiso' debe ser un tipo de valor distinto de null para poder utilizarlo como parámetro 'T' en el tipo o método genérico 'System.Nullable<T>'
c:\Users\danir\.gemini\antigravity\scratch\ConviApp-Academic\2_Visual\App_Code\EN\ENGasto.cs(52): error CS0453: El tipo 'ConviAppWeb.Models.ENCategoriaGasto' debe ser un tipo de valor distinto de null para poder utilizarlo como parámetro 'T' en el tipo o método genérico 'System.Nullable<T>'
c:\Users\danir\.gemini\antigravity\scratch\ConviApp-Academic\2_Visual\App_Code\EN\ENReserva.cs(39): error CS0453: El tipo 'ConviAppWeb.Models.ENUsuario' debe ser un tipo de valor distinto de null para poder utilizarlo como parámetro 'T' en el tipo o método genérico 'System.Nullable<T>'
c:\Users\danir\.gemini\antigravity\scratch\ConviApp-Academic\2_Visual\App_Code\EN\ENReserva.cs(42): error CS0453: El tipo 'ConviAppWeb.Models.ENZonaComun' debe ser un tipo de valor distinto de null para poder utilizarlo como parámetro 'T' en el tipo o método genérico 'System.Nullable<T>'
c:\Users\danir\.gemini\antigravity\scratch\ConviApp-Academic\2_Visual\App_Code\EN\ENUsuario.cs(54): error CS0453: El tipo 'ConviAppWeb.Models.ENRol' debe ser un tipo de valor distinto de null para poder utilizarlo como parámetro 'T' en el tipo o método genérico 'System.Nullable<T>'
c:\Users\danir\.gemini\antigravity\scratch\ConviApp-Academic\2_Visual\App_Code\EN\ENUsuario.cs(57): error CS0453: El tipo 'ConviAppWeb.Models.ENSuscripcion' debe ser un tipo de valor distinto de null para poder utilizarlo como parámetro 'T' en el tipo o método genérico 'System.Nullable<T>'
