Herramienta de compilación de Microsoft (R) ASP.NET versión 4.8.9221.0
Utilidad para precompilar una aplicación ASP.NET
(C) Microsoft Corporation. Todos los derechos reservados.

c:\Users\danir\.gemini\antigravity\scratch\ConviApp-Academic\2_Visual\App_Code\CAD\CADMensaje.cs(60): error CS0012: El tipo 'System.Data.Common.DbDataReader' está definido en un ensamblado al que no se hace referencia. Debe agregar una referencia al ensamblado 'netstandard, Version=2.1.0.0, Culture=neutral, PublicKeyToken=cc7b13ffcd2ddd51'.
